// Jest Snapshot v1, https://goo.gl/fbAQLP

exports[`JSON compression compressed JSON matches snapshot 1`] = `"Gb\\"/,?$\\"aYZi2Hp?+V.LPXI\\"i745A3ff3p0YJrRcP6\\"7:KZ#MEKIFEqs*f+ld\\\\:Q^oQ8N>e'UTo$!71ch0g'N92PS.,\\\\\\"W)E)'\\"\\\\HL^/H+l3CoGqT$-TJ&)ccM?X.I/c0P1&CL&dI*(C$eq)>r%Y51e'srd(nL:.\\\\_I^8D\\"h@oNC3V+/S%HK\\"8/8Z(O+:?cQ\\"gW8,Vp?cZ4K+&NsMt4a\\"dSnROOqM(bjS$:_AM0OR)PgB%!V#DA%onp=UXq0/KB4p>+*79R2_ln%D(KW^@rVl@WB+]Bo4PFPj/Pnlr*H\\"-Sp-E(;\\";K@Zu^k2&Y(0NJ&cm\`W.\\"\\"_Tj8FsVHBj/;[QME(>J]p_ZQ53\\"(VRL6<Vl!KeU5W2\\"@2hd5Xddb5),\\"CU.qSKa$XZJO@VmA(<gJZ,bJ9i6b'd<RP3&)XPD#\`\\\\Y%L3J-5\`n]VITiA>Ef-J.I\`Sf%DYm'WHF5\\"'$uc[\\\\-,S!?<Ll[>&YD//>*t@%Lq/TOTd:+JK<CB7>7D#c]Y)h&8Xm@To9g;XUH)Q$Gtb[jJUSpSPP0,8e\`Mk+SU:NIA$1C_#c;^(]h5sGg6B;-V+gq\\"cN44.1#@rb/9>:N*$)qP[eX#-ccKX!AP.@B]LYl;pa\`DA/@[UqX3J0)9L/g]tEJQ'-ZJp0<$?r!ao%V,LBtm\\"au-Qm;4E7$5<o3/LVD=E\`@Vj-&B[c;inT0\\"@sqn>mlR2hUp)*lp.Pa0*THip)pec,:TiL\\"5S94Q$Gr!$gj\\"j.SB;s+;'tc$A205GSWh6#8)N(PUQD\\\\l:E]4Ad(#aJ&;/OQ!gT%j\\\\ZRE&2F)A@\\"(\\\\SM!;'5Qk*Xf[6Dtpf62qmUg9QXrhTKF1_9e/L:cM[4B<M2)gjpD2]tqL)G>^ZJ.euS24Fe.F.j;kPm,Y)H8pR\\\\)$O9]87W0R%liRZ_>nC*7>36[Zr1_UWg<Sk\`1B(V<nhVL=Z!rgVL!F$0:5kW)?^]_iP,M7g)r@T3eDd&p@K'L\`!#Du!7nA'\\"\`3+h(CJb\\\\$M8TQ#:pZNrXeG4!SH'Hm#qB\`I;.Z#:*fqVK%LY.LM02W!r+/uK3iCL@kgUfKV/PS7b(Z(7*Vhs6WZR\`>2p\\\\_1>a&#TsOM/?rt@,5J^kJ4*c8,fg,+>M<:E\\\\P6.:gLo\\"!t!Bl&5K-53=Ha#^X=:/SioGLOLIpPGs0OP*Z.6%A.U=%Z^*J$frcrCC6.a\\\\kp*?;X-DF<b\\">3#$:-IAL\\"T&f7blS7f#R$)7FpU73a@jsc&dc\\\\5-BL+#e:*-s^#P6GSLP+]2BgE<'[1Z;X0rg:b(Iu4@6\`G)4'R9e#_(IJb$kX$V)Gc\`U6IpCS!%Jg9d*!VR]QSm[7:8U#/BB2/)Vg6/(7(tgQ1=qW+FT!cK2XNO4-frb'B4Y>6B3Ha^n\\\\323,)X\`K>A*\\"8;C3$Foo6V@ic&H-D7G*MGrhEZ-#2^g-\\"^@^'$jG7QE(I;B/Co<bcG-@\`bPZeuk*j'*nXq>8/ebPn0N.GRIbX\\"q9i(TV.NDb76L.adaj$%g8f]qbm62Wg'3DMjY*Mc#cb_X/Wmh.a.EVP^tA)k($m)n:Nh[IjngK$Gd%!KK<dGUVL*OaesnC6#!$c(Y?R3g\`RfVBIK4[N;MPbm;;@ehomQ[2uqnZ%Mk?6-WYr&B=Z66C/lt=i[fs[R\\\\S:e\\"JUo\\\\J/7N'@;GA+1pa2ALLU][LdtJk=TZ<?dD4_Z@;GW,h5f(@5+$@?5_EH&PR-njn/6T$4OmPc8J5-\\"Nrd\`a1tsbi$Nm]gnk#//?u7:l9%D:?0[3S=F6OuM;^4dRliijJL_Q$O7hMGJ'6G=(],j];/.tKN\`]898ge(,am$2Z0#G4p=lS*AoK7M#]:,oY4$@F.U$qqdupd$VYE)&N38WBud4%dG]ASZ)gH(Ml^0L'T0I\\"T,Q'OrmBcjgUPW-,jKC31sK--\\\\7Y20,\\\\T%5J\\\\R(aSGdV?A?d3BHX:c2nA;!<t($.Ia8F_,A*Ea[qpFbd;C)0h=&h^>L!IO@6%p*lTJ#\\"IWb%>bO-n2O)'AKjGnboj3DIM9lA#d0,K6Ar275BkN>i@W6(qP1i,u?=LOm3-ZB>&hl>>#3D*_?*;Eu+\\\\\\\\A\`;?OE9A[5\\\\dOYTAU\\"e]6q.H%%!.4>f/C5*o8mk))YLR)'D\`kJ8Y^PrIH)ii=Sl@p*^\\"i#Ud&BlXY?;O,-.2j:9[N[S&Q7%5sbXKpDO?,67V9UCr5u<QVWDJ$EpjQYj\\\\Fp9DM%4#L#U1;n$AHWYK4BVM%hpB>!h-nc0HU0=N^<cIYtE)<Q#iWR+\\\\kNl:.>DDW5.b>19nmpQ\\\\EBcs)&t]!@<e55R9_Q7_\`5XH7Ne0%>J;5*.hDt,\`VTir7bBP>LNu9Zgg@X7Z/Sl'gB.DO#[McJ=[=r=.l0scnZg>]2c_1+'-l28'#H:HL]s&4gljKCj)AYB:ESlm.q2M^C5]eE$nk9QG>e\\\\2rr)dbd1Buq_WU&/n=i0Og(=:J:*GI[[iP5IHhm;..,h(!FWMR4IKRfc-ZB@I?-nZhrS=PA7dITG\\\\6\\"\\\\[@*/4csN7*%ht<)?ga\\\\#oOb;*\\\\MKj-72<OL<\\"r)uO?*#_\\\\\\\\<$+dkpCW4&!lB=)6^74O5NfqdNS91B4W3lq70BI;;)@lHL..X31u7=bq_V\\"B<%QE(KH#h5fR2>d\`0XU+H4gq2(WV4hKHI/E\\\\f\`Og39SB.0R\\\\II&MDJiMD5>cfV&kI\`&<j^P701\\"TY(8tW8'loPt;rWP_!V9cC6kjqo&30kVGV2'Q+oRN=PQa26(N&'9pOG.G-\`CLZ$]$;UTCDH1tdD8rmi$3#nK)tj;7@?46;'BougT!f8'9F*?i\`$Z^!7K@Wa*ShJ7LW\`u>X/T.#(m0]\\\\iCZoPMq<9TFTs_U%,;4WC\`%Z-\\"\\\\DK,sDOnU8:r=TAgrg_:r!eH5W@=P_m2/r\\"fl!Y!<Z=&nBFY'SVF#!=?;j=D:+HP;[:,JY\\\\/>743sG+[?K4!;o$C!l&5Qhf_@K8@@j>Vb>su0d0b6+Bap]#eH+&+9:/Q2.T#>241b6$*\`/$!*.G?6cK?,\\"4bjgk7++YE\\"Ba!KS%fiQI8?agVW%cLrKSc7PCc*lE!k%\`4;f:%&Glo:sToNpMbJ(9Sf\\"t_^%[K'PI\\\\#ofL7W0K[7[7)eXM_bs.].^G<D,SZ=ZJD#LQPalS.kaq2Jg.[u2!i'u[J;[GU\\"\\\\3=T65Y$+\\\\/+\\"VP6Upd#3r3gB?+au&o?NgJ-8,MSuhii-\\"&.1(eZVeX]'Te#>n.p\\\\Z\\\\\\\\!Sbj(cmiX&iOh&iuUtI6$U$G\\"P8oZglQL!lD;:8IHZF!Y8NPuJ]/=i*s4HLsmQiM44b6,cqo4r;\`gf4U7a1C67DKr6%rg^PCU?b!LFO5.]$QdKCa0OX<\\\\h'dV?P\`X).as6Jd$&)(_?[E*__RL^,'$9:CF=(eSVi4beV-A;ESjt4EMTVi<T9G_T;QV>UDKqJ_\`Y\\"uoo(5Xe&1\`kC+Sd(92hMqHDp/0WPmG[p/fS+CK8aZm>H%npq>>H\\\\IBRZb)'rBA%eXY>qtq_\`F^K9SGhYZ^<j8;Ofs($hihWJjB,c;]DFSd2VWG4EFdk,d\\"T95V6>4:ZlLZQY,tBONTYG6%4bBRSocr]jb\\";_n\`b/PRN=-S6Manomp<,^1Zr0d-@KL.\\\\moLC(u%jPgt;$r<R4?qA$umq1U^BL>)?>\`(q2>26*],nJ?=ET57:oF\\\\h&h3Je2\`MN!l[TTEA\\\\&=S\\\\tu]*_ap4XC[e=0B(B9'BLpHl6.gdc6\\":%@dkQ,U*NgbLFJ/6C-B7i;pfZK!k%MAcnQlgUF4Sbr_Cb<@lj<S\\\\*.9eYfoUP[<+0XahD\\\\]QgWUY(gCmm$),<Y!(CHBG1)p!=6GJU0S42YDjdY>;Nu?aY*(0/1boP(rNIKF#c:@\\\\?S3NR*4jNEB7@%[a4nJ2oW5j'[EV:hWo\\"DeP@a-RdH>Uk=upZbG#e*Tk94c(V@2tE1qJV)ElOMo89)3c*1OSHrJqX]]OUVSV]S[<VOU5))0c&rmt:eDO(roSGS\\"CX\\\\Op=h.<us7<2PL\`h(l^1c2CBK]WkdA9QXgA+X^F!o&-_l44'uI4lX[ZIIUjksUN'hYb+%qmrDC^6oq,X/42^&!ea%o[W?2mrs_+d^UN.R\\"8f*CG]CCS*ITBWj_'QAI#9.8%2>Rh-G6Mi%\\\\ALBBZC;E^P,Zm$s6hNZ+=SqI\\\\WogR6@n[kbGIrijUiDea=mmJ=PlUA7,;k]F6#]'s*'1(U9t7CEYLO!,GuI0SM/an#Mu#W#fI..;rW.Pg;\\\\?u&j9iks$8)Z\\\\SUdG]b[Ljn]Hcn&g.HT(>_&]M\\\\9G\\"g+-ie3[nG22+[\\"[,9-_iD(qSs^<EPaI*HpbN+N&,,#lqlF\`(q/s61(Yu!p[\`66:;o@4fJ;EaDm20HK8^3cPk(hQN1\`G9Q,@?85]h\\"K^4,2lN4\`+k!.FYuEqc)sX/f(O7UnQo(27gqob31ggSn3!p=dk>qaliUl2h1Hfg5)Zu[6m(Nj2!Wj*Ukc/&/(t8E,FfhT':9u%j$),DQOX12=6(.@UjRte'dU.GM?QaI,/+XI!m6cp5HNQM+U_!U9YlaIKd!gZ<ita9D0;_2p8p=aF;h2Jmm?9m\`s66p%?p\\"h_VJ+rsP_\\"Nr8@WXU4[<nr4_Eedq@8#sdQfUbq%,FTSd@.VKY4&NflJ\`%Y$aOLO]ReoCC(bO)E[,;T(>@5jZ)WOf'4pM\\\\jd3\\"0)#*maH3IC#d2G1(50doEX;2XK4p%Qb-32t-1cDcUEs28M9].fVRh<?cX!cB%;LcsHH;]f2\`nIrB<[I@=*5p7fTYgKS)]moX6eM3W14P,ME>X]Zi?@m=[i9h9?g-d<Cgk#3LJh8\`Qg/Q66Rrm#qX0:Aq#Am^^=U4-ITR$i#1?CNa?W?7NS:+PoB'de[F*05]%l3gJ+kqB)r[B#J^f.Z;olcm/=RMupMBmm7lM\`:)Gb>Q*<U=dl&\\\\t742fOf2!$AGVBXe:0cXe88U4?+ook.3%sZGbC8E5q[^T0@Y\\"m^l4L4:-/HFdBU.H[g-9F!m.hdg:NhX#0\\\\/oW,H+m*7ZMFZhMth4u_CEuGt1pu1\`K%*G[8A.%\`mGE=ZG7B3ulHi)l-?R]9qXknJPfa7B-bZonEBBDR;o\\\\=W6mUr]5XL+F\`6bg1<0pWCm\\"U[p&5SB<?FiI\`eS*0!S'kIR!dJ.IUggI^!^:@0^WbFbXC$2hJH=KGmc'-q1D=Q#\\"@Mq.GU=LOsFWOhlmXcs5<qNRSRnrDLMLdk:V=InTldb0'Ve03>]CY\\\\REtLMfn=B>D&@'A:a$.!uh][0IVmFb+gjRC-\\\\^bdae!Y*qkIl3lUIkKZE?B?W4reJR*cDZ4D\\\\E&u2[LL7P46tbjO:6aPE^?+lo=JM2f<$8Zcc*8BKR@%8kcqccYd<sNYU_EnGDOr,4,N7XuW#4137f*Rd4O&:[+3dF#D*8bi^(Ha':7S\`aR3j&>IUlMlnS#,ZF(9a7Zd'Z6!r.otdmHS$aPQ:Vou)<Ia]dU=/u1\`q!HXM(\`aR^Nss\\"m5lYW9#/0So<U*GUBg%P6]T97@=Ak5jn#Ao58da3\\\\CmCbkr]-;c)8-Z1iMGi0W<Y&ZFG2N$ranuW3W[IhDp+HYO!=6hArfVrPYa\\\\hE?:Q>MFkNn<#K@4Q#\\"u005qi@&fb*F*Z8B'V-X:j4&!k:3tZ?Z=,Q\\\\;':\\\\\\"$4QefkC1U%39+/R[gNeuSSE@.p[iI8]C/N$\\\\:,dJY:Jdbq<?*cpYDlOYNY)[cI2dNGBH?#>FX(jS3,B%'4Vctg\`bOt:<@>*o5L>q?'Ujh4k2kP2P3/.gmj=ZXZ:=-bn$KjO6h-o)6P(YHtU+C0/)SU7\\"ZhsZ?rU#A86Q1Jd[sl;s7M?JPL1-nYB52)gslfHm7=o<I\\\\Wsl:PS\\\\rUiIEO2oT#m(L+mp2mW<Cb.akf\\\\cCt\\\\.%8\\"IH[3FPDQ_459RYO[<'cG/rR+6MV7OFmd\\\\Tjn]pR;qTc7((KU.j4^)34Esg&Jc8.*?hTi:j].:N:nPBal@so*B$[Z5j^:F6O=OV_c<>\\"gk)k/6^+XX=p0ZJ\`BpfWT=3u+7?I/&\\\\-q%k'+\`j8L.esn3D1PA_A*lp\`6*s5M.=B8aLiih5@QAbM#Yg<N&mLJ1//::!c-t7.b!agIMOAtt'-4s7KM@9*(A'0C3JfgQ@>A/L16\\"W^&5BaEFb)YE62tVmhg3:XDl'\`RB_fUflU3sL!3ums(IgLF7^@o#,&7'XdGu--<^#L9Ip0,6C?2NPuLou/61.9_XSf\\"2;Mt_jG:!nAcISHeh:bGK<H&/UT4:T]Gon5X1R]L#G?CD.LLou\`gLZmG/Ec<*poJNS.\`p!rTYOP&29a?>gGO'>qX:Fm7SchN4^E=E43!S98I\`\\\\>9pU%^.1;nP:M]%/]UA<W(6+Z4Dq2eBd0;&j0;KE.kE$*=.k!<fB2hM?\`7<:n@E8BYol_(@=[nm=]D=2f^qSq[gkFdlN/mAgX62%YYd9[W:#2QV55^U%ZLp\\"Gg2Mc5=3VkF;Z%:N],Su(%g(XO7O.+AA'ClB-;B'T,\\"s3drBEi;j@#Q#2T/F@mYihBHO#(-op>G+0hphm\\"Ne45_#jRi)3<,U88+3]P$CT53k/HkJaT),f,5AU:f!7/YEI?PgI,''rh#!-smd4D\\"qVq:'lhH/!pk7sG52keBb<Ef/#d5JcIO;\`,(D:L;Ya;#.Lpu[Cs,_bfa=ia@&RNeJpcn5_T2kG[<fVY,q!iiG]ZK."`;

exports[`JSON compression decompressed JSON matches snapshot 1`] = `"{\\"sharedData\\":{\\"labMicroscopeAnchorPos_L\\":\\"{\\\\\\"x\\\\\\":371,\\\\\\"y\\\\\\":281}\\",\\"labMicroscopeAnchorPos_R\\":\\"{\\\\\\"x\\\\\\":738,\\\\\\"y\\\\\\":283}\\",\\"computerAnchorPos\\":\\"{\\\\\\"x\\\\\\":-818,\\\\\\"y\\\\\\":471}\\",\\"bactDonorDnaAnchor\\":\\"{\\\\\\"x\\\\\\":280,\\\\\\"y\\\\\\":140}\\",\\"bactRecipientDnaAnchor\\":\\"{\\\\\\"x\\\\\\":523,\\\\\\"y\\\\\\":134}\\",\\"first_hypo_choice\\":\\"iggnmj\\",\\"first_hypo_text\\":\\"Lorem ipsum dolor sit amet, consectetur adipiscing elit, sed do eiusmod tempor incididunt ut labore et dolore magna aliqua. Ut enim ad minim veniam, quis nostrud exercitation ullamco laboris nisi ut aliquip ex ea commodo consequat. Duis aute irure dolor in reprehenderit in voluptate velit esse cillum dolore eu fugiat nulla pariatur. Excepteur sint occaecat cupidatat non proident, sunt in culpa qui officia deserunt mollit anim id est laborum.\\",\\"Evolution.HA.CanDNATransfer_Response\\":2,\\"second_hypo_choice\\":\\"iggnmj\\",\\"second_hypo_text\\":\\"Sed ut perspiciatis unde omnis iste natus error sit voluptatem accusantium doloremque laudantium, totam rem aperiam, eaque ipsa quae ab illo inventore veritatis et quasi architecto beatae vitae dicta sunt explicabo. Nemo enim ipsam voluptatem quia voluptas sit aspernatur aut odit aut fugit, sed quia consequuntur magni dolores eos qui ratione voluptatem sequi nesciunt. Neque porro quisquam est, qui dolorem ipsum quia dolor sit amet, consectetur, adipisci velit, sed quia non numquam eius modi tempora incidunt ut labore et dolore magnam aliquam quaerat voluptatem. Ut enim ad minima veniam, quis nostrum exercitationem ullam corporis suscipit laboriosam, nisi ut aliquid ex ea commodi consequatur? Quis autem vel eum iure reprehenderit qui in ea voluptate velit esse quam nihil molestiae consequatur, vel illum qui dolorem eum fugiat quo voluptas nulla pariatur?\\",\\"third_hypo_choice\\":\\"ith7oy\\",\\"third_hypo_text\\":\\"At vero eos et accusamus et iusto odio dignissimos ducimus qui blanditiis praesentium voluptatum deleniti atque corrupti quos dolores et quas molestias excepturi sint occaecati cupiditate non provident, similique sunt in culpa qui officia deserunt mollitia animi, id est laborum et dolorum fuga. Et harum quidem rerum facilis est et expedita distinctio. Nam libero tempore, cum soluta nobis est eligendi optio cumque nihil impedit quo minus id quod maxime placeat facere possimus, omnis voluptas assumenda est, omnis dolor repellendus. Temporibus autem quibusdam et aut officiis debitis aut rerum necessitatibus saepe eveniet ut et voluptates repudiandae sint et molestiae non recusandae. Itaque earum rerum hic tenetur a sapiente delectus, ut aut reiciendis voluptatibus maiores alias consequatur aut perferendis doloribus asperiores repellat.\\",\\"fourth_hypo_choice\\":\\"ith7oy\\",\\"fourth_hypo_text\\":\\"On the other hand, we denounce with righteous indignation and dislike men who are so beguiled and demoralized by the charms of pleasure of the moment, so blinded by desire, that they cannot foresee the pain and trouble that are bound to ensue; and equal blame belongs to those who fail in their duty through weakness of will, which is the same as saying through shrinking from toil and pain. These cases are perfectly simple and easy to distinguish. In a free hour, when our power of choice is untrammelled and when nothing prevents our being able to do what we like best, every pleasure is to be welcomed and every pain avoided. But in certain circumstances and owing to the claims of duty or the obligations of business it will frequently occur that pleasures have to be repudiated and annoyances accepted. The wise man therefore always holds in these matters to this principle of selection: he rejects pleasures to secure other greater pleasures, or else he endures pains to avoid worse pains.\\"},\\"pages\\":{\\"1130\\":{\\"ifpj\\":{\\"visible\\":true,\\"KRNGuy\\":true},\\"undefined\\":{\\"gr9DZChK\\":true}},\\"4060\\":{\\"iep9\\":{\\"sceneLoaded\\":true,\\"simstateid\\":\\"azxjlr\\"},\\"ipyr\\":{\\"uwqE6J\\":true},\\"ixtp\\":{\\"87GCqg\\":true},\\"i8c7\\":{\\"AddRemoveClasses\\":{\\"buttonBgImgBlinkBlue\\":false}},\\"iv4a\\":{\\"visible\\":false},\\"it3x\\":{\\"visible\\":true},\\"iusrl1\\":{\\"enabled\\":true},\\"ibau\\":{\\"AddRemoveClasses\\":{\\"buttonBgImgBlinkBlue\\":false}},\\"i69i\\":{\\"visible\\":false},\\"iu04\\":{\\"visible\\":true},\\"im3i\\":{\\"enabled\\":true},\\"ifc9\\":{\\"visible\\":true},\\"undefined\\":{\\"ncQzg9gF\\":true}},\\"5752\\":{\\"ipcb\\":{\\"sceneLoaded\\":true},\\"ila5\\":{\\"QTM7x2mn\\":true},\\"ibfl\\":{\\"visible\\":false},\\"iwkc\\":{\\"visible\\":true},\\"irow\\":{\\"visible\\":true},\\"i64t\\":{\\"visible\\":true},\\"undefined\\":{\\"Lpqxt3Gz\\":true,\\"9eb56DjR\\":true},\\"ibnf\\":{\\"afterGuide5752\\":true}},\\"7818\\":{\\"iqlj\\":{\\"T9NaDGCY\\":true}},\\"9548\\":{\\"inif\\":{\\"visible\\":true},\\"ifsu\\":{\\"visible\\":true},\\"i076\\":{\\"visible\\":false},\\"undefined\\":{\\"ujjMg7DF\\":true}},\\"9626\\":{\\"i8bk\\":{\\"sceneLoaded\\":true},\\"iek3\\":{\\"text\\":\\"Lorem ipsum dolor sit amet, consectetur adipiscing elit, sed do eiusmod tempor incididunt ut labore et dolore magna aliqua. Ut enim ad minim veniam, quis nostrud exercitation ullamco laboris nisi ut aliquip ex ea commodo consequat. Duis aute irure dolor in reprehenderit in voluptate velit esse cillum dolore eu fugiat nulla pariatur. Excepteur sint occaecat cupidatat non proident, sunt in culpa qui officia deserunt mollit anim id est laborum.\\"},\\"iefy\\":{\\"text\\":\\"Sed ut perspiciatis unde omnis iste natus error sit voluptatem accusantium doloremque laudantium, totam rem aperiam, eaque ipsa quae ab illo inventore veritatis et quasi architecto beatae vitae dicta sunt explicabo. Nemo enim ipsam voluptatem quia voluptas sit aspernatur aut odit aut fugit, sed quia consequuntur magni dolores eos qui ratione voluptatem sequi nesciunt. Neque porro quisquam est, qui dolorem ipsum quia dolor sit amet, consectetur, adipisci velit, sed quia non numquam eius modi tempora incidunt ut labore et dolore magnam aliquam quaerat voluptatem. Ut enim ad minima veniam, quis nostrum exercitationem ullam corporis suscipit laboriosam, nisi ut aliquid ex ea commodi consequatur? Quis autem vel eum iure reprehenderit qui in ea voluptate velit esse quam nihil molestiae consequatur, vel illum qui dolorem eum fugiat quo voluptas nulla pariatur?\\"},\\"io9u\\":{\\"text\\":\\"But I must explain to you how all this mistaken idea of denouncing pleasure and praising pain was born and I will give you a complete account of the system, and expound the actual teachings of the great explorer of the truth, the master-builder of human happiness. No one rejects, dislikes, or avoids pleasure itself, because it is pleasure, but because those who do not know how to pursue pleasure rationally encounter consequences that are extremely painful. Nor again is there anyone who loves or pursues or desires to obtain pain of itself, because it is pain, but because occasionally circumstances occur in which toil and pain can procure him some great pleasure. To take a trivial example, which of us ever undertakes laborious physical exercise, except to obtain some advantage from it? But who has any right to find fault with a man who chooses to enjoy a pleasure that has no annoying consequences, or one who avoids a pain that produces no resultant pleasure?\\"},\\"iq8j\\":{\\"text\\":\\"t vero eos et accusamus et iusto odio dignissimos ducimus qui blanditiis praesentium voluptatum deleniti atque corrupti quos dolores et quas molestias excepturi sint occaecati cupiditate non provident, similique sunt in culpa qui officia deserunt mollitia animi, id est laborum et dolorum fuga. Et harum quidem rerum facilis est et expedita distinctio. Nam libero tempore, cum soluta nobis est eligendi optio cumque nihil impedit quo minus id quod maxime placeat facere possimus, omnis voluptas assumenda est, omnis dolor repellendus. Temporibus autem quibusdam et aut officiis debitis aut rerum necessitatibus saepe eveniet ut et voluptates repudiandae sint et molestiae non recusandae. Itaque earum rerum hic tenetur a sapiente delectus, ut aut reiciendis voluptatibus maiores alias consequatur aut perferendis doloribus asperiores repellat.\\"},\\"izh6\\":{\\"text\\":\\"On the other hand, we denounce with righteous indignation and dislike men who are so beguiled and demoralized by the charms of pleasure of the moment, so blinded by desire, that they cannot foresee the pain and trouble that are bound to ensue; and equal blame belongs to those who fail in their duty through weakness of will, which is the same as saying through shrinking from toil and pain. These cases are perfectly simple and easy to distinguish. In a free hour, when our power of choice is untrammelled and when nothing prevents our being able to do what we like best, every pleasure is to be welcomed and every pain avoided. But in certain circumstances and owing to the claims of duty or the obligations of business it will frequently occur that pleasures have to be repudiated and annoyances accepted. The wise man therefore always holds in these matters to this principle of selection: he rejects pleasures to secure other greater pleasures, or else he endures pains to avoid worse pains\\"},\\"itpc\\":{\\"enabled\\":true,\\"visible\\":false},\\"imn6\\":{\\"visible\\":false},\\"i3pi\\":{\\"enabled\\":false},\\"undefined\\":{\\"ReuE7d79\\":true}},\\"9820\\":{\\"i36z\\":{\\"sceneLoaded\\":true},\\"i7ua\\":{\\"wsTepP2G\\":true}},\\"986f\\":{\\"ibmn\\":{\\"sceneLoaded\\":true},\\"ia77\\":{\\"visible\\":false},\\"i3j2\\":{\\"visible\\":true},\\"i9ta\\":{\\"visible\\":false}},\\"e887\\":{\\"s082b\\":{\\"sceneLoaded\\":true},\\"i9kr\\":{\\"KQ7S6Wpq\\":true}},\\"f7e1\\":{\\"ijxi\\":{\\"sceneLoaded\\":true},\\"ioow\\":{\\"b4pqxuU7\\":true}},\\"d568\\":{\\"isoj\\":{\\"sceneLoaded\\":true},\\"iza9wz\\":{\\"ySZYL2Z4\\":true},\\"is0g\\":{\\"visible\\":true},\\"iscb\\":{\\"visible\\":true},\\"ifyq\\":{\\"visible\\":true}},\\"583c\\":{\\"i05y\\":{\\"sceneLoaded\\":true},\\"iend\\":{\\"1\\":true},\\"iz4o\\":{\\"visible\\":true},\\"undefined\\":{\\"0.25\\":true,\\"rp583c\\":true,\\"d3xBj947\\":true},\\"null\\":{\\"visible\\":false},\\"i80e\\":{\\"visible\\":false},\\"i03j\\":{\\"visible\\":true},\\"icww\\":{\\"visible\\":false},\\"i8l7\\":{\\"visible\\":true},\\"i97n\\":{\\"visible\\":true},\\"iwmkg\\":{\\"selected\\":\\"idpjv\\"},\\"ijdpr\\":{\\"enabled\\":true,\\"visible\\":false},\\"i7ktt\\":{\\"enabled\\":false},\\"ibeks\\":{\\"visible\\":true},\\"idpjv\\":{\\"correctStyle\\":true}},\\"99be\\":{\\"iuj8\\":{\\"T9NaDGCY\\":true}},\\"ae55\\":{\\"ii93\\":{\\"1asqwerafasdf\\":true},\\"iyao\\":{\\"visible\\":true},\\"io33\\":{\\"visible\\":true,\\"enabled\\":true},\\"ic7d\\":{\\"visible\\":true},\\"is2d\\":{\\"visible\\":true},\\"ivjg3\\":{\\"45gwhs\\":true,\\"7YqFjNhn\\":true},\\"ik3w32\\":{\\"dropId\\":\\"ivjg3\\"},\\"ih7t\\":{\\"visible\\":false},\\"ikb8\\":{\\"visible\\":true},\\"ildc\\":{\\"visible\\":false}},\\"dd1f\\":{\\"iakk\\":{\\"visible\\":true},\\"ikvg\\":{\\"visible\\":true},\\"i1lxdcw\\":{\\"visible\\":false},\\"im7q\\":{\\"visible\\":true},\\"ivuf\\":{\\"visible\\":true},\\"imgr\\":{\\"visible\\":true},\\"igqw\\":{\\"visible\\":true},\\"iv0m\\":{\\"visible\\":false},\\"undefined\\":{\\"3DcNUpvw\\":true}},\\"727f\\":{\\"i4vby\\":{\\"selected\\":\\"idw4x\\"},\\"i57mf\\":{\\"enabled\\":true,\\"visible\\":false},\\"i68ae\\":{\\"enabled\\":false},\\"iy6xh\\":{\\"correctStyle\\":true},\\"i4tb\\":{\\"visible\\":true},\\"undefined\\":{\\"idw4xR727f\\":true,\\"DqyUUErr\\":true}},\\"1c46\\":{\\"i19o\\":{\\"qwerqwer\\":true},\\"i45m\\":{\\"visible\\":false},\\"ig7z6g\\":{\\"visible\\":true},\\"i70g\\":{\\"visible\\":true},\\"ixny\\":{\\"visible\\":true},\\"igu9ph\\":{\\"visible\\":true},\\"i4z2f\\":{\\"visible\\":false},\\"ipfh\\":{\\"visible\\":true},\\"ihgb\\":{\\"visible\\":true},\\"ig7j\\":{\\"visible\\":true},\\"undefined\\":{\\"xXgyJprW\\":true}},\\"b19f\\":{\\"irm1j\\":{\\"2UWkYX\\":true},\\"i5q5\\":{\\"visible\\":true},\\"iyur\\":{\\"visible\\":true},\\"undefined\\":{\\"t8mBVVcc\\":true}},\\"71be\\":{\\"irpk\\":{\\"visible\\":true},\\"i3z2\\":{\\"dMbqwT\\":true,\\"visible\\":false},\\"iv04\\":{\\"visible\\":true},\\"undefined\\":{\\"DgVgn2xT\\":true}},\\"f0a9\\":{\\"iucz\\":{\\"qerg94\\":true},\\"iwxe\\":{\\"visible\\":true},\\"i2co\\":{\\"visible\\":true},\\"ixx7\\":{\\"visible\\":true},\\"i8w7\\":{\\"visible\\":true},\\"i3cr\\":{\\"visible\\":true},\\"undefined\\":{\\"xFyazZTz\\":true}},\\"b565\\":{\\"imjk\\":{\\"T9NaDGCYd\\":true}},\\"5f27\\":{\\"ivfx\\":{\\"selected\\":\\"ihiv\\"},\\"izwl\\":{\\"enabled\\":true,\\"visible\\":false},\\"i67s\\":{\\"enabled\\":false},\\"ihgo\\":{\\"correctStyle\\":true},\\"ijgk\\":{\\"visible\\":true},\\"undefined\\":{\\"SeMJU679\\":true}},\\"3cac\\":{\\"iuwaa5\\":{\\"qwert42345\\":true},\\"isp1\\":{\\"visible\\":true},\\"is1s\\":{\\"visible\\":true},\\"i1a5\\":{\\"visible\\":true},\\"i0uf\\":{\\"visible\\":true},\\"iseh\\":{\\"visible\\":false},\\"inmzi\\":{\\"visible\\":true},\\"i8sx\\":{\\"dRhPcb\\":true},\\"iw7b\\":{\\"visible\\":true},\\"undefined\\":{\\"Z8DTtquM\\":true}},\\"573e\\":{\\"i4nb\\":{\\"kjdas0984\\":true},\\"iyqm\\":{\\"visible\\":true},\\"isbx\\":{\\"visible\\":true},\\"igu7\\":{\\"visible\\":true},\\"undefined\\":{\\"Qa7vMm9P\\":true}},\\"bc9b\\":{\\"imsk\\":{\\"8TYNw7\\":true},\\"idji\\":{\\"visible\\":true},\\"i8uf\\":{\\"selected\\":\\"iwbu\\"},\\"irrw\\":{\\"enabled\\":true,\\"visible\\":false},\\"iil9\\":{\\"enabled\\":false},\\"i7o5\\":{\\"correctStyle\\":true},\\"i5fl\\":{\\"visible\\":true},\\"undefined\\":{\\"xDk7ab8L\\":true}},\\"bc93\\":{\\"iiib\\":{\\"T9NaDGCY\\":true},\\"icwk\\":{\\"T9NaDGCY\\":true}},\\"295d\\":{\\"i3xk\\":{\\"qwer09821\\":true},\\"isqk\\":{\\"visible\\":true},\\"i2th\\":{\\"visible\\":true},\\"ixvk\\":{\\"visible\\":true},\\"undefined\\":{\\"XvRLEUuC\\":true}},\\"851a\\":{\\"i6w3\\":{\\"selected\\":\\"ijyq\\"},\\"ineo\\":{\\"enabled\\":true,\\"visible\\":false},\\"iqi5\\":{\\"enabled\\":false},\\"iw6u\\":{\\"correctStyle\\":true},\\"ixdl\\":{\\"visible\\":true},\\"undefined\\":{\\"jYCmQyTX\\":true}},\\"4bbe\\":{\\"i6i3\\":{\\"sgc_4bbe\\":true,\\"dftFch6k\\":true},\\"\\":{\\"selected\\":\\"idu4\\"}},\\"27e4\\":{\\"inum\\":{\\"sceneLoaded\\":true},\\"i3nn\\":{\\"sceneLoaded\\":true},\\"iadh\\":{\\"uVHrv77d\\":true},\\"9vV3Usnu\\":{\\"selected\\":\\"i8n4\\"},\\"i8m4\\":{\\"AddRemoveClasses\\":{\\"buttonBgImgBlinkBlue\\":false}},\\"undefined\\":{\\"i8m4bbb\\":true,\\"i9ur3lbbb\\":true,\\"ikejdjbbb\\":true,\\"ix8lyfbbb\\":true,\\"xFHYkFjt\\":true},\\"i9ur3l\\":{\\"enabled\\":true,\\"AddRemoveClasses\\":{\\"buttonBgImgBlinkBlue\\":false}},\\"ig842\\":{\\"visible\\":true},\\"iydk\\":{\\"visible\\":false},\\"i7ze\\":{\\"visible\\":false,\\"AddRemoveClasses\\":{\\"buttonBgImgBlinkBlue\\":false}},\\"ibm3\\":{\\"visible\\":true},\\"ibpf\\":{\\"visible\\":true},\\"is3vsj\\":{\\"visible\\":true},\\"iif7\\":{\\"visible\\":true},\\"ikejdj\\":{\\"enabled\\":true,\\"AddRemoveClasses\\":{\\"buttonBgImgBlinkBlue\\":false}},\\"ij6v\\":{\\"visible\\":false},\\"ix8lyf\\":{\\"enabled\\":true,\\"AddRemoveClasses\\":{\\"buttonBgImgBlinkBlue\\":false}},\\"iqfeo7\\":{\\"enabled\\":true,\\"AddRemoveClasses\\":{\\"buttonBgImgBlinkBlue\\":false}},\\"ifox\\":{\\"visible\\":true},\\"ih88\\":{\\"selected\\":\\"in9m\\"},\\"icx8\\":{\\"enabled\\":true,\\"visible\\":false},\\"i4jq\\":{\\"enabled\\":false},\\"imqg\\":{\\"correctStyle\\":true},\\"i64n\\":{\\"visible\\":true},\\"iryw\\":{\\"visible\\":true},\\"i2cg\\":{\\"visible\\":false},\\"iewi\\":{\\"visible\\":true},\\"ifly\\":{\\"visible\\":true}},\\"bde2\\":{\\"is7j\\":{\\"sceneLoaded\\":true},\\"i0i3\\":{\\"u5EA5Xyq\\":true},\\"iw5q\\":{\\"visible\\":true},\\"2yMj3pFH\\":{\\"selected\\":\\"iggnmj\\"},\\"if3i\\":{\\"u5EA5Xyq\\":true},\\"i737\\":{\\"visible\\":true},\\"ilpe\\":{\\"text\\":\\"Lorem ipsum dolor sit amet, consectetur adipiscing elit, sed do eiusmod tempor incididunt ut labore et dolore magna aliqua. Ut enim ad minim veniam, quis nostrud exercitation ullamco laboris nisi ut aliquip ex ea commodo consequat. Duis aute irure dolor in reprehenderit in voluptate velit esse cillum dolore eu fugiat nulla pariatur. Excepteur sint occaecat cupidatat non proident, sunt in culpa qui officia deserunt mollit anim id est laborum.\\"},\\"i1p8\\":{\\"enabled\\":true,\\"visible\\":false},\\"i9ji\\":{\\"enabled\\":false},\\"ivil\\":{\\"enabled\\":false},\\"undefined\\":{\\"cVNJPe8H\\":true}},\\"11f0\\":{\\"i4m8\\":{\\"sceneLoaded\\":true,\\"simstateid\\":\\"xul4ix\\"},\\"imc6\\":{\\"H2Xb96xC\\":true},\\"i68b\\":{\\"visible\\":false},\\"i8lp\\":{\\"visible\\":true},\\"imff\\":{\\"visible\\":true},\\"undefined\\":{\\"i4m8unp\\":true}},\\"381d\\":{\\"iaml\\":{\\"sceneLoaded\\":true},\\"i89c\\":{\\"sceneLoaded\\":true},\\"iukp\\":{\\"8kGwHNAY\\":true},\\"i8nq\\":{\\"visible\\":true},\\"io43\\":{\\"visible\\":true},\\"iakc\\":{\\"visible\\":true},\\"inz488\\":{\\"visible\\":true},\\"ij1h\\":{\\"visible\\":true},\\"i57qg\\":{\\"visible\\":true},\\"undefined\\":{\\"i89cunp\\":true}},\\"ea0f\\":{\\"ipwq\\":{\\"sceneLoaded\\":true,\\"simstateid\\":\\"jgnpeu\\"},\\"ij9y\\":{\\"mv9FYsqk\\":true},\\"undefined\\":{\\"qwer54\\":true}},\\"e079\\":{\\"i1ok\\":{\\"sceneLoaded\\":true,\\"simstateid\\":\\"s9d7u1\\"},\\"ia6s\\":{\\"TjYdS84p\\":true},\\"undefined\\":{\\"qwer4513\\":true}},\\"d811\\":{\\"ixy4\\":{\\"sceneLoaded\\":true},\\"i5zi\\":{\\"selected\\":\\"ixcu\\"},\\"iosd\\":{\\"enabled\\":true,\\"visible\\":false},\\"iq1c\\":{\\"enabled\\":false},\\"iwc2\\":{\\"visible\\":true},\\"ixcu\\":{\\"correctStyle\\":true},\\"undefined\\":{\\"Cf8qYLnP\\":true}},\\"204c\\":{\\"itr5\\":{\\"sceneLoaded\\":true},\\"itg1\\":{\\"selected\\":\\"iggnmj\\"},\\"izfj\\":{\\"text\\":\\"Sed ut perspiciatis unde omnis iste natus error sit voluptatem accusantium doloremque laudantium, totam rem aperiam, eaque ipsa quae ab illo inventore veritatis et quasi architecto beatae vitae dicta sunt explicabo. Nemo enim ipsam voluptatem quia voluptas sit aspernatur aut odit aut fugit, sed quia consequuntur magni dolores eos qui ratione voluptatem sequi nesciunt. Neque porro quisquam est, qui dolorem ipsum quia dolor sit amet, consectetur, adipisci velit, sed quia non numquam eius modi tempora incidunt ut labore et dolore magnam aliquam quaerat voluptatem. Ut enim ad minima veniam, quis nostrum exercitationem ullam corporis suscipit laboriosam, nisi ut aliquid ex ea commodi consequatur? Quis autem vel eum iure reprehenderit qui in ea voluptate velit esse quam nihil molestiae consequatur, vel illum qui dolorem eum fugiat quo voluptas nulla pariatur?\\"},\\"i7dj\\":{\\"enabled\\":true,\\"visible\\":false},\\"io2v\\":{\\"enabled\\":false},\\"itof\\":{\\"enabled\\":false},\\"undefined\\":{\\"U8d384RM\\":true}},\\"000b\\":{\\"iyvm\\":{\\"sceneLoaded\\":true},\\"iuoh\\":{\\"7JdWEq6m\\":true},\\"i08n\\":{\\"visible\\":true},\\"ignn\\":{\\"visible\\":true},\\"ilm5\\":{\\"visible\\":true},\\"i8q5\\":{\\"visible\\":true},\\"ierm\\":{\\"visible\\":true},\\"i3l8\\":{\\"visible\\":true},\\"imolg\\":{\\"visible\\":true},\\"ivhfi\\":{\\"visible\\":false},\\"isweo\\":{\\"selected\\":\\"i1l2\\"},\\"iz0y\\":{\\"enabled\\":true,\\"visible\\":false},\\"ik0qs\\":{\\"visible\\":true},\\"i07h\\":{\\"enabled\\":false},\\"isuyw\\":{\\"visible\\":true},\\"ipmw\\":{\\"correctStyle\\":true},\\"isgt4\\":{\\"visible\\":true},\\"i9zm\\":{\\"r6VEBFUw\\":true},\\"i1gx\\":{\\"ZHcnQa\\":true},\\"ilu83\\":{\\"visible\\":true},\\"i1k6u\\":{\\"visible\\":true},\\"imr58\\":{\\"visible\\":true,\\"MM8n5aFr\\":true}},\\"452a\\":{\\"i5eo\\":{\\"sceneLoaded\\":true},\\"h8Q6Ug\\":{\\"selected\\":\\"ith7oy\\"},\\"irf5\\":{\\"text\\":\\"At vero eos et accusamus et iusto odio dignissimos ducimus qui blanditiis praesentium voluptatum deleniti atque corrupti quos dolores et quas molestias excepturi sint occaecati cupiditate non provident, similique sunt in culpa qui officia deserunt mollitia animi, id est laborum et dolorum fuga. Et harum quidem rerum facilis est et expedita distinctio. Nam libero tempore, cum soluta nobis est eligendi optio cumque nihil impedit quo minus id quod maxime placeat facere possimus, omnis voluptas assumenda est, omnis dolor repellendus. Temporibus autem quibusdam et aut officiis debitis aut rerum necessitatibus saepe eveniet ut et voluptates repudiandae sint et molestiae non recusandae. Itaque earum rerum hic tenetur a sapiente delectus, ut aut reiciendis voluptatibus maiores alias consequatur aut perferendis doloribus asperiores repellat.\\"},\\"ibze\\":{\\"enabled\\":true,\\"visible\\":false},\\"ixfp\\":{\\"enabled\\":false},\\"undefined\\":{\\"5RDvVkMe\\":true}},\\"d283\\":{\\"i8rg\\":{\\"sceneLoaded\\":true},\\"ia1u\\":{\\"7yGx7mVb\\":true},\\"i3i5\\":{\\"visible\\":true},\\"isal\\":{\\"visible\\":true},\\"iorp\\":{\\"visible\\":true},\\"i9og\\":{\\"visible\\":true},\\"undefined\\":{\\"k8V6sgyC\\":true}},\\"f5bb\\":{\\"ixz4\\":{\\"sceneLoaded\\":true},\\"ir0g\\":{\\"rTw7z9NC\\":true},\\"undefined\\":{\\"YBBBeRHL\\":true}},\\"cc8e\\":{\\"ivyq\\":{\\"sceneLoaded\\":true},\\"idqh\\":{\\"jhhr7abA\\":true},\\"ih9w\\":{\\"visible\\":false},\\"ien6\\":{\\"visible\\":false},\\"i1nv\\":{\\"visible\\":false},\\"ibhw\\":{\\"visible\\":true},\\"io52\\":{\\"visible\\":true},\\"isvq\\":{\\"visible\\":true},\\"i37b\\":{\\"visible\\":true},\\"i897\\":{\\"visible\\":true},\\"i8fk\\":{\\"selected\\":\\"i70k\\"},\\"iewz\\":{\\"enabled\\":true,\\"visible\\":false},\\"ij3q\\":{\\"enabled\\":false},\\"ia2k\\":{\\"visible\\":true},\\"i70k\\":{\\"correctStyle\\":true}},\\"6fdf\\":{\\"it01\\":{\\"sceneLoaded\\":true},\\"iqg3\\":{\\"correctStyle\\":true},\\"i32j\\":{\\"correctStyle\\":true},\\"infg\\":{\\"checked\\":true},\\"i0rh\\":{\\"enabled\\":true,\\"visible\\":false},\\"izj2\\":{\\"enabled\\":false},\\"ighi\\":{\\"visible\\":true},\\"undefined\\":{\\"vLsRfFSJ\\":true}},\\"411e\\":{\\"icda\\":{\\"sceneLoaded\\":true},\\"i3oa\\":{\\"selected\\":\\"ith7oy\\"},\\"ismy\\":{\\"text\\":\\"On the other hand, we denounce with righteous indignation and dislike men who are so beguiled and demoralized by the charms of pleasure of the moment, so blinded by desire, that they cannot foresee the pain and trouble that are bound to ensue; and equal blame belongs to those who fail in their duty through weakness of will, which is the same as saying through shrinking from toil and pain. These cases are perfectly simple and easy to distinguish. In a free hour, when our power of choice is untrammelled and when nothing prevents our being able to do what we like best, every pleasure is to be welcomed and every pain avoided. But in certain circumstances and owing to the claims of duty or the obligations of business it will frequently occur that pleasures have to be repudiated and annoyances accepted. The wise man therefore always holds in these matters to this principle of selection: he rejects pleasures to secure other greater pleasures, or else he endures pains to avoid worse pains.\\"},\\"ij5w\\":{\\"enabled\\":true,\\"visible\\":false},\\"ijrf\\":{\\"enabled\\":false},\\"iq7i\\":{\\"enabled\\":false},\\"undefined\\":{\\"V4S3YSeh\\":true}},\\"ee08\\":{\\"ibfk\\":{\\"sceneLoaded\\":true},\\"UTZ6ke\\":{\\"selected\\":\\"ith7oy\\"},\\"iwae\\":{\\"visible\\":true},\\"i3af\\":{\\"playState\\":\\"play\\"},\\"iuxu\\":{\\"UJKeScMh\\":true}},\\"04fc\\":{\\"i7wd\\":{\\"sceneLoaded\\":true}}},\\"modules\\":{\\"currentTrackGroupID\\":\\"1\\",\\"caseState\\":{\\"currentTrackID\\":\\"highschool\\",\\"currentPageID\\":\\"04fc\\",\\"sections\\":{},\\"pages\\":{\\"4060\\":{\\"unlocked\\":true,\\"visited\\":true},\\"5752\\":{\\"unlocked\\":true,\\"visited\\":true},\\"9626\\":{\\"unlocked\\":true,\\"visited\\":true},\\"9820\\":{\\"unlocked\\":true,\\"visited\\":true},\\"986f\\":{\\"visited\\":true,\\"unlocked\\":true},\\"e887\\":{\\"unlocked\\":true,\\"visited\\":true},\\"f7e1\\":{\\"unlocked\\":true,\\"visited\\":true},\\"d568\\":{\\"unlocked\\":true,\\"visited\\":true},\\"583c\\":{\\"unlocked\\":true,\\"visited\\":true},\\"27e4\\":{\\"unlocked\\":true,\\"visited\\":true},\\"bde2\\":{\\"unlocked\\":true,\\"visited\\":true},\\"11f0\\":{\\"unlocked\\":true,\\"visited\\":true},\\"381d\\":{\\"unlocked\\":true,\\"visited\\":true},\\"ea0f\\":{\\"unlocked\\":true,\\"visited\\":true},\\"e079\\":{\\"unlocked\\":true,\\"visited\\":true},\\"d811\\":{\\"unlocked\\":true,\\"visited\\":true},\\"204c\\":{\\"unlocked\\":true,\\"visited\\":true},\\"000b\\":{\\"unlocked\\":true,\\"visited\\":true},\\"452a\\":{\\"unlocked\\":true,\\"visited\\":true},\\"d283\\":{\\"unlocked\\":true,\\"visited\\":true},\\"f5bb\\":{\\"unlocked\\":true,\\"visited\\":true},\\"cc8e\\":{\\"unlocked\\":true,\\"visited\\":true},\\"6fdf\\":{\\"unlocked\\":true,\\"visited\\":true},\\"411e\\":{\\"unlocked\\":true,\\"visited\\":true},\\"ee08\\":{\\"unlocked\\":true,\\"visited\\":true},\\"04fc\\":{\\"unlocked\\":true,\\"visited\\":true}},\\"locked\\":false},\\"guideState\\":{\\"currentTrackID\\":\\"lite_Manual\\",\\"currentPageID\\":\\"9548\\",\\"sections\\":{},\\"pages\\":{\\"1130\\":{\\"unlocked\\":true,\\"visited\\":true},\\"7818\\":{\\"unlocked\\":true,\\"visited\\":true},\\"9548\\":{\\"unlocked\\":true,\\"visited\\":true},\\"99be\\":{\\"visited\\":true,\\"unlocked\\":true},\\"ae55\\":{\\"unlocked\\":true,\\"visited\\":true},\\"dd1f\\":{\\"unlocked\\":true,\\"visited\\":true},\\"727f\\":{\\"unlocked\\":true,\\"visited\\":true},\\"1c46\\":{\\"unlocked\\":true,\\"visited\\":true},\\"b19f\\":{\\"unlocked\\":true,\\"visited\\":true},\\"71be\\":{\\"unlocked\\":true,\\"visited\\":true},\\"f0a9\\":{\\"unlocked\\":true,\\"visited\\":true},\\"b565\\":{\\"unlocked\\":true,\\"visited\\":true},\\"5f27\\":{\\"unlocked\\":true,\\"visited\\":true},\\"3cac\\":{\\"unlocked\\":true,\\"visited\\":true},\\"573e\\":{\\"unlocked\\":true,\\"visited\\":true},\\"bc9b\\":{\\"unlocked\\":true,\\"visited\\":true},\\"bc93\\":{\\"unlocked\\":true,\\"visited\\":true},\\"295d\\":{\\"unlocked\\":true,\\"visited\\":true},\\"851a\\":{\\"unlocked\\":true,\\"visited\\":true},\\"4bbe\\":{\\"unlocked\\":true,\\"visited\\":true}},\\"locked\\":false},\\"currentGlossaryTrackID\\":\\"highschool_glossary\\",\\"currentGlossaryPageID\\":\\"e330\\",\\"moduleOpen\\":\\"case\\",\\"guideCompleted\\":true},\\"rubrics\\":{\\"Evolution.HA.Hypothesis\\":{\\"revisions\\":[{\\"Initial Hypothesis:\\":\\"Lorem ipsum dolor sit amet, consectetur adipiscing elit, sed do eiusmod tempor incididunt ut labore et dolore magna aliqua. Ut enim ad minim veniam, quis nostrud exercitation ullamco laboris nisi ut aliquip ex ea commodo consequat. Duis aute irure dolor in reprehenderit in voluptate velit esse cillum dolore eu fugiat nulla pariatur. Excepteur sint occaecat cupidatat non proident, sunt in culpa qui officia deserunt mollit anim id est laborum.\\"},{\\"Revision 1:\\":\\"Sed ut perspiciatis unde omnis iste natus error sit voluptatem accusantium doloremque laudantium, totam rem aperiam, eaque ipsa quae ab illo inventore veritatis et quasi architecto beatae vitae dicta sunt explicabo. Nemo enim ipsam voluptatem quia voluptas sit aspernatur aut odit aut fugit, sed quia consequuntur magni dolores eos qui ratione voluptatem sequi nesciunt. Neque porro quisquam est, qui dolorem ipsum quia dolor sit amet, consectetur, adipisci velit, sed quia non numquam eius modi tempora incidunt ut labore et dolore magnam aliquam quaerat voluptatem. Ut enim ad minima veniam, quis nostrum exercitationem ullam corporis suscipit laboriosam, nisi ut aliquid ex ea commodi consequatur? Quis autem vel eum iure reprehenderit qui in ea voluptate velit esse quam nihil molestiae consequatur, vel illum qui dolorem eum fugiat quo voluptas nulla pariatur?\\"},{\\"Revision 2:\\":\\"At vero eos et accusamus et iusto odio dignissimos ducimus qui blanditiis praesentium voluptatum deleniti atque corrupti quos dolores et quas molestias excepturi sint occaecati cupiditate non provident, similique sunt in culpa qui officia deserunt mollitia animi, id est laborum et dolorum fuga. Et harum quidem rerum facilis est et expedita distinctio. Nam libero tempore, cum soluta nobis est eligendi optio cumque nihil impedit quo minus id quod maxime placeat facere possimus, omnis voluptas assumenda est, omnis dolor repellendus. Temporibus autem quibusdam et aut officiis debitis aut rerum necessitatibus saepe eveniet ut et voluptates repudiandae sint et molestiae non recusandae. Itaque earum rerum hic tenetur a sapiente delectus, ut aut reiciendis voluptatibus maiores alias consequatur aut perferendis doloribus asperiores repellat.\\"},{\\"Revision 3:\\":\\"At vero eos et accusamus et iusto odio dignissimos ducimus qui blanditiis praesentium voluptatum deleniti atque corrupti quos dolores et quas molestias excepturi sint occaecati cupiditate non provident, similique sunt in culpa qui officia deserunt mollitia animi, id est laborum et dolorum fuga. Et harum quidem rerum facilis est et expedita distinctio. Nam libero tempore, cum soluta nobis est eligendi optio cumque nihil impedit quo minus id quod maxime placeat facere possimus, omnis voluptas assumenda est, omnis dolor repellendus. Temporibus autem quibusdam et aut officiis debitis aut rerum necessitatibus saepe eveniet ut et voluptates repudiandae sint et molestiae non recusandae. Itaque earum rerum hic tenetur a sapiente delectus, ut aut reiciendis voluptatibus maiores alias consequatur aut perferendis doloribus asperiores repellat.\\"}],\\"userActivityResponseID\\":-1,\\"status\\":\\"resubmit\\"}}}"`;
