// Jest Snapshot v1, https://goo.gl/fbAQLP

exports[`WidgetSvgGroup matches html snapshot 1`] = `
<g
  class="svgParent"
  id="testWidget"
/>
`;
