// Jest Snapshot v1, https://goo.gl/fbAQLP

exports[`WidgetSlider matches html snapshot 1`] = `
<div
  class="slidecontainer"
>
  <input
    class="slider"
    id="testWidget"
    max="100"
    min="0"
    step="1"
    type="range"
  />
</div>
`;
