// Jest Snapshot v1, https://goo.gl/fbAQLP

exports[`WidgetTransparentVideo matches html snapshot 1`] = `
<div
  id="testWidget"
  title="muted: true"
>
  <div
    alphamask="true"
    aria-label="Video Player"
    class="video-js vjs-default-skin vjs-paused vjs-controls-disabled vjs-workinghover vjs-v7 vjs-user-active"
    endtime="0"
    id="vjs_video_797"
    lang="en-us"
    play-state="default"
    preload="auto"
    role="region"
    speed="1"
    starttime="0"
    staticmask=""
    tabindex="-1"
  >
    <video
      alphamask="true"
      class="vjs-tech"
      endtime="0"
      id="vjs_video_797_html5_api"
      play-state="default"
      preload="auto"
      speed="1"
      starttime="0"
      staticmask=""
      tabindex="-1"
    >
      <!---->
       
      <!---->
       
      <source
        src=""
        type="video/mp4"
      />
       
      <!---->
       
      <p
        class="vjs-no-js"
      >
        
			To view this video please enable JavaScript, and consider upgrading to a web browser that
			
        <a
          class="vjs-hidden"
          hidden="hidden"
          href="http://videojs.com/html5-video-support/"
          target="_blank"
        >
          supports HTML5 video
        </a>
      </p>
    </video>
    <div
      aria-disabled="false"
      class="vjs-poster vjs-hidden"
      tabindex="-1"
    />
    <div
      aria-atomic="true"
      aria-live="off"
      class="vjs-text-track-display"
    />
    <div
      class="vjs-loading-spinner"
      dir="ltr"
    >
      <span
        class="vjs-control-text"
      >
        Video Player is loading.
      </span>
    </div>
    <button
      aria-disabled="false"
      class="vjs-big-play-button"
      title="Play Video"
      type="button"
    >
      <span
        aria-hidden="true"
        class="vjs-icon-placeholder"
      />
      <span
        aria-live="polite"
        class="vjs-control-text"
      >
        Play Video
      </span>
    </button>
    <div
      class="vjs-control-bar"
      dir="ltr"
    >
      <button
        aria-disabled="false"
        class="vjs-play-control vjs-control vjs-button"
        title="Play"
        type="button"
      >
        <span
          aria-hidden="true"
          class="vjs-icon-placeholder"
        />
        <span
          aria-live="polite"
          class="vjs-control-text"
        >
          Play
        </span>
      </button>
      <div
        class="vjs-volume-panel vjs-control vjs-volume-panel-horizontal"
      >
        <button
          aria-disabled="false"
          class="vjs-mute-control vjs-control vjs-button"
          title="Mute"
          type="button"
        >
          <span
            aria-hidden="true"
            class="vjs-icon-placeholder"
          />
          <span
            aria-live="polite"
            class="vjs-control-text"
          >
            Mute
          </span>
        </button>
        <div
          class="vjs-volume-control vjs-control vjs-volume-horizontal"
        >
          <div
            aria-label="Volume Level"
            aria-live="polite"
            aria-valuemax="100"
            aria-valuemin="0"
            aria-valuenow="0"
            class="vjs-volume-bar vjs-slider-bar vjs-slider vjs-slider-horizontal"
            role="slider"
            tabindex="0"
          >
            <div
              class="vjs-volume-level"
            >
              <span
                class="vjs-control-text"
              />
            </div>
          </div>
        </div>
      </div>
      <div
        class="vjs-current-time vjs-time-control vjs-control"
      >
        <span
          class="vjs-control-text"
          role="presentation"
        >
          Current Time 
        </span>
        <span
          aria-live="off"
          class="vjs-current-time-display"
          role="presentation"
        />
      </div>
      <div
        aria-hidden="true"
        class="vjs-time-control vjs-time-divider"
      >
        <div>
          <span>
            /
          </span>
        </div>
      </div>
      <div
        class="vjs-duration vjs-time-control vjs-control"
      >
        <span
          class="vjs-control-text"
          role="presentation"
        >
          Duration 
        </span>
        <span
          aria-live="off"
          class="vjs-duration-display"
          role="presentation"
        />
      </div>
      <div
        class="vjs-progress-control vjs-control"
      >
        <div
          aria-label="Progress Bar"
          aria-valuemax="100"
          aria-valuemin="0"
          aria-valuenow="0"
          class="vjs-progress-holder vjs-slider vjs-slider-horizontal vjs-hidden"
          role="slider"
          tabindex="0"
        >
          <div
            class="vjs-load-progress"
          >
            <span
              class="vjs-control-text"
            >
              <span>
                Loaded
              </span>
              : 
              <span
                class="vjs-control-text-loaded-percentage"
              >
                0%
              </span>
            </span>
          </div>
          <div
            class="vjs-mouse-display"
          >
            <div
              aria-hidden="true"
              class="vjs-time-tooltip"
            />
          </div>
          <div
            aria-hidden="true"
            class="vjs-play-progress vjs-slider-bar"
          >
            <div
              aria-hidden="true"
              class="vjs-time-tooltip"
            />
          </div>
        </div>
      </div>
      <div
        class="vjs-live-control vjs-control vjs-hidden"
      >
        <div
          aria-live="off"
          class="vjs-live-display"
        >
          <span
            class="vjs-control-text"
          >
            Stream Type 
          </span>
          LIVE
        </div>
      </div>
      <button
        aria-disabled="false"
        class="vjs-seek-to-live-control vjs-control"
        title="Seek to live, currently behind live"
        type="button"
      >
        <span
          aria-hidden="true"
          class="vjs-icon-placeholder"
        />
        <span
          aria-live="polite"
          class="vjs-control-text"
        >
          Seek to live, currently behind live
        </span>
        <span
          aria-hidden="true"
          class="vjs-seek-to-live-text"
        >
          LIVE
        </span>
      </button>
      <div
        class="vjs-remaining-time vjs-time-control vjs-control"
      >
        <span
          class="vjs-control-text"
          role="presentation"
        >
          Remaining Time 
        </span>
        <span
          aria-hidden="true"
        >
          -
        </span>
        <span
          aria-live="off"
          class="vjs-remaining-time-display"
          role="presentation"
        />
      </div>
      <div
        class="vjs-custom-control-spacer vjs-spacer "
      >
         
      </div>
      <div
        class="vjs-playback-rate vjs-menu-button vjs-menu-button-popup vjs-control vjs-button vjs-hidden"
      >
        <div
          class="vjs-playback-rate-value"
        >
          1x
        </div>
        <button
          aria-disabled="false"
          aria-expanded="false"
          aria-haspopup="true"
          class="vjs-playback-rate vjs-menu-button vjs-menu-button-popup vjs-button"
          title="Playback Rate"
          type="button"
        >
          <span
            aria-hidden="true"
            class="vjs-icon-placeholder"
          />
          <span
            aria-live="polite"
            class="vjs-control-text"
          >
            Playback Rate
          </span>
        </button>
        <div
          class="vjs-menu"
        >
          <ul
            class="vjs-menu-content"
            role="menu"
          />
        </div>
      </div>
      <div
        class="vjs-chapters-button vjs-menu-button vjs-menu-button-popup vjs-control vjs-button vjs-hidden"
      >
        <button
          aria-disabled="false"
          aria-expanded="false"
          aria-haspopup="true"
          class="vjs-chapters-button vjs-menu-button vjs-menu-button-popup vjs-button"
          title="Chapters"
          type="button"
        >
          <span
            aria-hidden="true"
            class="vjs-icon-placeholder"
          />
          <span
            aria-live="polite"
            class="vjs-control-text"
          >
            Chapters
          </span>
        </button>
        <div
          class="vjs-menu"
        >
          <ul
            class="vjs-menu-content"
            role="menu"
          >
            <li
              class="vjs-menu-title"
              tabindex="-1"
            >
              Chapters
            </li>
          </ul>
        </div>
      </div>
      <div
        class="vjs-descriptions-button vjs-menu-button vjs-menu-button-popup vjs-control vjs-button vjs-hidden"
      >
        <button
          aria-disabled="false"
          aria-expanded="false"
          aria-haspopup="true"
          class="vjs-descriptions-button vjs-menu-button vjs-menu-button-popup vjs-button"
          title="Descriptions"
          type="button"
        >
          <span
            aria-hidden="true"
            class="vjs-icon-placeholder"
          />
          <span
            aria-live="polite"
            class="vjs-control-text"
          >
            Descriptions
          </span>
        </button>
        <div
          class="vjs-menu"
        >
          <ul
            class="vjs-menu-content"
            role="menu"
          >
            <li
              aria-checked="true"
              aria-disabled="false"
              class="vjs-menu-item vjs-selected"
              role="menuitemradio"
              tabindex="-1"
            >
              <span
                class="vjs-menu-item-text"
              >
                descriptions off
              </span>
              <span
                aria-live="polite"
                class="vjs-control-text"
              >
                , selected
              </span>
            </li>
          </ul>
        </div>
      </div>
      <div
        class="vjs-subs-caps-button vjs-menu-button vjs-menu-button-popup vjs-control vjs-button vjs-hidden"
      >
        <button
          aria-disabled="false"
          aria-expanded="false"
          aria-haspopup="true"
          class="vjs-subs-caps-button vjs-menu-button vjs-menu-button-popup vjs-button"
          title="Captions"
          type="button"
        >
          <span
            aria-hidden="true"
            class="vjs-icon-placeholder"
          />
          <span
            aria-live="polite"
            class="vjs-control-text"
          >
            Captions
          </span>
        </button>
        <div
          class="vjs-menu"
        >
          <ul
            class="vjs-menu-content"
            role="menu"
          >
            <li
              aria-checked="true"
              aria-disabled="false"
              class="vjs-menu-item vjs-selected"
              role="menuitemradio"
              tabindex="-1"
            >
              <span
                class="vjs-menu-item-text"
              >
                captions and subtitles off
              </span>
              <span
                aria-live="polite"
                class="vjs-control-text"
              >
                , selected
              </span>
            </li>
          </ul>
        </div>
      </div>
      <div
        class="vjs-audio-button vjs-menu-button vjs-menu-button-popup vjs-control vjs-button vjs-hidden"
      >
        <button
          aria-disabled="false"
          aria-expanded="false"
          aria-haspopup="true"
          class="vjs-audio-button vjs-menu-button vjs-menu-button-popup vjs-button"
          title="Audio Track"
          type="button"
        >
          <span
            aria-hidden="true"
            class="vjs-icon-placeholder"
          />
          <span
            aria-live="polite"
            class="vjs-control-text"
          >
            Audio Track
          </span>
        </button>
        <div
          class="vjs-menu"
        >
          <ul
            class="vjs-menu-content"
            role="menu"
          />
        </div>
      </div>
      <button
        aria-disabled="false"
        class="vjs-fullscreen-control vjs-control vjs-button"
        title="Fullscreen"
        type="button"
      >
        <span
          aria-hidden="true"
          class="vjs-icon-placeholder"
        />
        <span
          aria-live="polite"
          class="vjs-control-text"
        >
          Fullscreen
        </span>
      </button>
    </div>
    <div
      aria-describedby="vjs_video_797_component_1121_description"
      aria-hidden="true"
      aria-label="Modal Window"
      class="vjs-error-display vjs-modal-dialog vjs-hidden "
      role="dialog"
      tabindex="-1"
    >
      <p
        class="vjs-modal-dialog-description vjs-control-text"
        id="vjs_video_797_component_1121_description"
      >
        This is a modal window.
      </p>
      <div
        class="vjs-modal-dialog-content"
        role="document"
      />
    </div>
    <div
      aria-describedby="vjs_video_797_component_1126_description"
      aria-hidden="true"
      aria-label="Caption Settings Dialog"
      class="vjs-modal-dialog vjs-hidden  vjs-text-track-settings"
      role="dialog"
      tabindex="-1"
    >
      <p
        class="vjs-modal-dialog-description vjs-control-text"
        id="vjs_video_797_component_1126_description"
      >
        Beginning of dialog window. Escape will cancel and close the window.
      </p>
      <div
        class="vjs-modal-dialog-content"
        role="document"
      >
        <div
          class="vjs-track-settings-colors"
        >
          <fieldset
            class="vjs-fg-color vjs-track-setting"
          >
            <legend
              id="captions-text-legend-vjs_video_797_component_1126"
            >
              Text
            </legend>
            <label
              class="vjs-label"
              id="captions-foreground-color-vjs_video_797_component_1126"
            >
              Color
            </label>
            <select
              aria-labelledby="captions-text-legend-vjs_video_797_component_1126 captions-foreground-color-vjs_video_797_component_1126"
            >
              <option
                aria-labelledby="captions-text-legend-vjs_video_797_component_1126 captions-foreground-color-vjs_video_797_component_1126 captions-foreground-color-vjs_video_797_component_1126-White"
                id="captions-foreground-color-vjs_video_797_component_1126-White"
                value="#FFF"
              >
                White
              </option>
              <option
                aria-labelledby="captions-text-legend-vjs_video_797_component_1126 captions-foreground-color-vjs_video_797_component_1126 captions-foreground-color-vjs_video_797_component_1126-Black"
                id="captions-foreground-color-vjs_video_797_component_1126-Black"
                value="#000"
              >
                Black
              </option>
              <option
                aria-labelledby="captions-text-legend-vjs_video_797_component_1126 captions-foreground-color-vjs_video_797_component_1126 captions-foreground-color-vjs_video_797_component_1126-Red"
                id="captions-foreground-color-vjs_video_797_component_1126-Red"
                value="#F00"
              >
                Red
              </option>
              <option
                aria-labelledby="captions-text-legend-vjs_video_797_component_1126 captions-foreground-color-vjs_video_797_component_1126 captions-foreground-color-vjs_video_797_component_1126-Green"
                id="captions-foreground-color-vjs_video_797_component_1126-Green"
                value="#0F0"
              >
                Green
              </option>
              <option
                aria-labelledby="captions-text-legend-vjs_video_797_component_1126 captions-foreground-color-vjs_video_797_component_1126 captions-foreground-color-vjs_video_797_component_1126-Blue"
                id="captions-foreground-color-vjs_video_797_component_1126-Blue"
                value="#00F"
              >
                Blue
              </option>
              <option
                aria-labelledby="captions-text-legend-vjs_video_797_component_1126 captions-foreground-color-vjs_video_797_component_1126 captions-foreground-color-vjs_video_797_component_1126-Yellow"
                id="captions-foreground-color-vjs_video_797_component_1126-Yellow"
                value="#FF0"
              >
                Yellow
              </option>
              <option
                aria-labelledby="captions-text-legend-vjs_video_797_component_1126 captions-foreground-color-vjs_video_797_component_1126 captions-foreground-color-vjs_video_797_component_1126-Magenta"
                id="captions-foreground-color-vjs_video_797_component_1126-Magenta"
                value="#F0F"
              >
                Magenta
              </option>
              <option
                aria-labelledby="captions-text-legend-vjs_video_797_component_1126 captions-foreground-color-vjs_video_797_component_1126 captions-foreground-color-vjs_video_797_component_1126-Cyan"
                id="captions-foreground-color-vjs_video_797_component_1126-Cyan"
                value="#0FF"
              >
                Cyan
              </option>
            </select>
            <span
              class="vjs-text-opacity vjs-opacity"
            >
              <label
                class="vjs-label"
                id="captions-foreground-opacity-vjs_video_797_component_1126"
              >
                Transparency
              </label>
              <select
                aria-labelledby="captions-text-legend-vjs_video_797_component_1126 captions-foreground-opacity-vjs_video_797_component_1126"
              >
                <option
                  aria-labelledby="captions-text-legend-vjs_video_797_component_1126 captions-foreground-opacity-vjs_video_797_component_1126 captions-foreground-opacity-vjs_video_797_component_1126-Opaque"
                  id="captions-foreground-opacity-vjs_video_797_component_1126-Opaque"
                  value="1"
                >
                  Opaque
                </option>
                <option
                  aria-labelledby="captions-text-legend-vjs_video_797_component_1126 captions-foreground-opacity-vjs_video_797_component_1126 captions-foreground-opacity-vjs_video_797_component_1126-SemiTransparent"
                  id="captions-foreground-opacity-vjs_video_797_component_1126-SemiTransparent"
                  value="0.5"
                >
                  Semi-Transparent
                </option>
              </select>
            </span>
          </fieldset>
          <fieldset
            class="vjs-bg-color vjs-track-setting"
          >
            <legend
              id="captions-background-vjs_video_797_component_1126"
            >
              Background
            </legend>
            <label
              class="vjs-label"
              id="captions-background-color-vjs_video_797_component_1126"
            >
              Color
            </label>
            <select
              aria-labelledby="captions-background-vjs_video_797_component_1126 captions-background-color-vjs_video_797_component_1126"
            >
              <option
                aria-labelledby="captions-background-vjs_video_797_component_1126 captions-background-color-vjs_video_797_component_1126 captions-background-color-vjs_video_797_component_1126-Black"
                id="captions-background-color-vjs_video_797_component_1126-Black"
                value="#000"
              >
                Black
              </option>
              <option
                aria-labelledby="captions-background-vjs_video_797_component_1126 captions-background-color-vjs_video_797_component_1126 captions-background-color-vjs_video_797_component_1126-White"
                id="captions-background-color-vjs_video_797_component_1126-White"
                value="#FFF"
              >
                White
              </option>
              <option
                aria-labelledby="captions-background-vjs_video_797_component_1126 captions-background-color-vjs_video_797_component_1126 captions-background-color-vjs_video_797_component_1126-Red"
                id="captions-background-color-vjs_video_797_component_1126-Red"
                value="#F00"
              >
                Red
              </option>
              <option
                aria-labelledby="captions-background-vjs_video_797_component_1126 captions-background-color-vjs_video_797_component_1126 captions-background-color-vjs_video_797_component_1126-Green"
                id="captions-background-color-vjs_video_797_component_1126-Green"
                value="#0F0"
              >
                Green
              </option>
              <option
                aria-labelledby="captions-background-vjs_video_797_component_1126 captions-background-color-vjs_video_797_component_1126 captions-background-color-vjs_video_797_component_1126-Blue"
                id="captions-background-color-vjs_video_797_component_1126-Blue"
                value="#00F"
              >
                Blue
              </option>
              <option
                aria-labelledby="captions-background-vjs_video_797_component_1126 captions-background-color-vjs_video_797_component_1126 captions-background-color-vjs_video_797_component_1126-Yellow"
                id="captions-background-color-vjs_video_797_component_1126-Yellow"
                value="#FF0"
              >
                Yellow
              </option>
              <option
                aria-labelledby="captions-background-vjs_video_797_component_1126 captions-background-color-vjs_video_797_component_1126 captions-background-color-vjs_video_797_component_1126-Magenta"
                id="captions-background-color-vjs_video_797_component_1126-Magenta"
                value="#F0F"
              >
                Magenta
              </option>
              <option
                aria-labelledby="captions-background-vjs_video_797_component_1126 captions-background-color-vjs_video_797_component_1126 captions-background-color-vjs_video_797_component_1126-Cyan"
                id="captions-background-color-vjs_video_797_component_1126-Cyan"
                value="#0FF"
              >
                Cyan
              </option>
            </select>
            <span
              class="vjs-bg-opacity vjs-opacity"
            >
              <label
                class="vjs-label"
                id="captions-background-opacity-vjs_video_797_component_1126"
              >
                Transparency
              </label>
              <select
                aria-labelledby="captions-background-vjs_video_797_component_1126 captions-background-opacity-vjs_video_797_component_1126"
              >
                <option
                  aria-labelledby="captions-background-vjs_video_797_component_1126 captions-background-opacity-vjs_video_797_component_1126 captions-background-opacity-vjs_video_797_component_1126-Opaque"
                  id="captions-background-opacity-vjs_video_797_component_1126-Opaque"
                  value="1"
                >
                  Opaque
                </option>
                <option
                  aria-labelledby="captions-background-vjs_video_797_component_1126 captions-background-opacity-vjs_video_797_component_1126 captions-background-opacity-vjs_video_797_component_1126-SemiTransparent"
                  id="captions-background-opacity-vjs_video_797_component_1126-SemiTransparent"
                  value="0.5"
                >
                  Semi-Transparent
                </option>
                <option
                  aria-labelledby="captions-background-vjs_video_797_component_1126 captions-background-opacity-vjs_video_797_component_1126 captions-background-opacity-vjs_video_797_component_1126-Transparent"
                  id="captions-background-opacity-vjs_video_797_component_1126-Transparent"
                  value="0"
                >
                  Transparent
                </option>
              </select>
            </span>
          </fieldset>
          <fieldset
            class="vjs-window-color vjs-track-setting"
          >
            <legend
              id="captions-window-vjs_video_797_component_1126"
            >
              Window
            </legend>
            <label
              class="vjs-label"
              id="captions-window-color-vjs_video_797_component_1126"
            >
              Color
            </label>
            <select
              aria-labelledby="captions-window-vjs_video_797_component_1126 captions-window-color-vjs_video_797_component_1126"
            >
              <option
                aria-labelledby="captions-window-vjs_video_797_component_1126 captions-window-color-vjs_video_797_component_1126 captions-window-color-vjs_video_797_component_1126-Black"
                id="captions-window-color-vjs_video_797_component_1126-Black"
                value="#000"
              >
                Black
              </option>
              <option
                aria-labelledby="captions-window-vjs_video_797_component_1126 captions-window-color-vjs_video_797_component_1126 captions-window-color-vjs_video_797_component_1126-White"
                id="captions-window-color-vjs_video_797_component_1126-White"
                value="#FFF"
              >
                White
              </option>
              <option
                aria-labelledby="captions-window-vjs_video_797_component_1126 captions-window-color-vjs_video_797_component_1126 captions-window-color-vjs_video_797_component_1126-Red"
                id="captions-window-color-vjs_video_797_component_1126-Red"
                value="#F00"
              >
                Red
              </option>
              <option
                aria-labelledby="captions-window-vjs_video_797_component_1126 captions-window-color-vjs_video_797_component_1126 captions-window-color-vjs_video_797_component_1126-Green"
                id="captions-window-color-vjs_video_797_component_1126-Green"
                value="#0F0"
              >
                Green
              </option>
              <option
                aria-labelledby="captions-window-vjs_video_797_component_1126 captions-window-color-vjs_video_797_component_1126 captions-window-color-vjs_video_797_component_1126-Blue"
                id="captions-window-color-vjs_video_797_component_1126-Blue"
                value="#00F"
              >
                Blue
              </option>
              <option
                aria-labelledby="captions-window-vjs_video_797_component_1126 captions-window-color-vjs_video_797_component_1126 captions-window-color-vjs_video_797_component_1126-Yellow"
                id="captions-window-color-vjs_video_797_component_1126-Yellow"
                value="#FF0"
              >
                Yellow
              </option>
              <option
                aria-labelledby="captions-window-vjs_video_797_component_1126 captions-window-color-vjs_video_797_component_1126 captions-window-color-vjs_video_797_component_1126-Magenta"
                id="captions-window-color-vjs_video_797_component_1126-Magenta"
                value="#F0F"
              >
                Magenta
              </option>
              <option
                aria-labelledby="captions-window-vjs_video_797_component_1126 captions-window-color-vjs_video_797_component_1126 captions-window-color-vjs_video_797_component_1126-Cyan"
                id="captions-window-color-vjs_video_797_component_1126-Cyan"
                value="#0FF"
              >
                Cyan
              </option>
            </select>
            <span
              class="vjs-window-opacity vjs-opacity"
            >
              <label
                class="vjs-label"
                id="captions-window-opacity-vjs_video_797_component_1126"
              >
                Transparency
              </label>
              <select
                aria-labelledby="captions-window-vjs_video_797_component_1126 captions-window-opacity-vjs_video_797_component_1126"
              >
                <option
                  aria-labelledby="captions-window-vjs_video_797_component_1126 captions-window-opacity-vjs_video_797_component_1126 captions-window-opacity-vjs_video_797_component_1126-Transparent"
                  id="captions-window-opacity-vjs_video_797_component_1126-Transparent"
                  value="0"
                >
                  Transparent
                </option>
                <option
                  aria-labelledby="captions-window-vjs_video_797_component_1126 captions-window-opacity-vjs_video_797_component_1126 captions-window-opacity-vjs_video_797_component_1126-SemiTransparent"
                  id="captions-window-opacity-vjs_video_797_component_1126-SemiTransparent"
                  value="0.5"
                >
                  Semi-Transparent
                </option>
                <option
                  aria-labelledby="captions-window-vjs_video_797_component_1126 captions-window-opacity-vjs_video_797_component_1126 captions-window-opacity-vjs_video_797_component_1126-Opaque"
                  id="captions-window-opacity-vjs_video_797_component_1126-Opaque"
                  value="1"
                >
                  Opaque
                </option>
              </select>
            </span>
          </fieldset>
        </div>
        <div
          class="vjs-track-settings-font"
        >
          <fieldset
            class="vjs-font-percent vjs-track-setting"
          >
            <legend
              class=""
              id="captions-font-size-vjs_video_797_component_1126"
            >
              Font Size
            </legend>
            <select
              aria-labelledby="captions-font-size-vjs_video_797_component_1126"
            >
              <option
                aria-labelledby="captions-font-size-vjs_video_797_component_1126 captions-font-size-vjs_video_797_component_1126-50"
                id="captions-font-size-vjs_video_797_component_1126-50"
                value="0.50"
              >
                50%
              </option>
              <option
                aria-labelledby="captions-font-size-vjs_video_797_component_1126 captions-font-size-vjs_video_797_component_1126-75"
                id="captions-font-size-vjs_video_797_component_1126-75"
                value="0.75"
              >
                75%
              </option>
              <option
                aria-labelledby="captions-font-size-vjs_video_797_component_1126 captions-font-size-vjs_video_797_component_1126-100"
                id="captions-font-size-vjs_video_797_component_1126-100"
                value="1.00"
              >
                100%
              </option>
              <option
                aria-labelledby="captions-font-size-vjs_video_797_component_1126 captions-font-size-vjs_video_797_component_1126-125"
                id="captions-font-size-vjs_video_797_component_1126-125"
                value="1.25"
              >
                125%
              </option>
              <option
                aria-labelledby="captions-font-size-vjs_video_797_component_1126 captions-font-size-vjs_video_797_component_1126-150"
                id="captions-font-size-vjs_video_797_component_1126-150"
                value="1.50"
              >
                150%
              </option>
              <option
                aria-labelledby="captions-font-size-vjs_video_797_component_1126 captions-font-size-vjs_video_797_component_1126-175"
                id="captions-font-size-vjs_video_797_component_1126-175"
                value="1.75"
              >
                175%
              </option>
              <option
                aria-labelledby="captions-font-size-vjs_video_797_component_1126 captions-font-size-vjs_video_797_component_1126-200"
                id="captions-font-size-vjs_video_797_component_1126-200"
                value="2.00"
              >
                200%
              </option>
              <option
                aria-labelledby="captions-font-size-vjs_video_797_component_1126 captions-font-size-vjs_video_797_component_1126-300"
                id="captions-font-size-vjs_video_797_component_1126-300"
                value="3.00"
              >
                300%
              </option>
              <option
                aria-labelledby="captions-font-size-vjs_video_797_component_1126 captions-font-size-vjs_video_797_component_1126-400"
                id="captions-font-size-vjs_video_797_component_1126-400"
                value="4.00"
              >
                400%
              </option>
            </select>
          </fieldset>
          <fieldset
            class="vjs-edge-style vjs-track-setting"
          >
            <legend
              class=""
              id="vjs_video_797_component_1126"
            >
              Text Edge Style
            </legend>
            <select
              aria-labelledby="vjs_video_797_component_1126"
            >
              <option
                aria-labelledby="vjs_video_797_component_1126 vjs_video_797_component_1126-None"
                id="vjs_video_797_component_1126-None"
                value="none"
              >
                None
              </option>
              <option
                aria-labelledby="vjs_video_797_component_1126 vjs_video_797_component_1126-Raised"
                id="vjs_video_797_component_1126-Raised"
                value="raised"
              >
                Raised
              </option>
              <option
                aria-labelledby="vjs_video_797_component_1126 vjs_video_797_component_1126-Depressed"
                id="vjs_video_797_component_1126-Depressed"
                value="depressed"
              >
                Depressed
              </option>
              <option
                aria-labelledby="vjs_video_797_component_1126 vjs_video_797_component_1126-Uniform"
                id="vjs_video_797_component_1126-Uniform"
                value="uniform"
              >
                Uniform
              </option>
              <option
                aria-labelledby="vjs_video_797_component_1126 vjs_video_797_component_1126-Dropshadow"
                id="vjs_video_797_component_1126-Dropshadow"
                value="dropshadow"
              >
                Dropshadow
              </option>
            </select>
          </fieldset>
          <fieldset
            class="vjs-font-family vjs-track-setting"
          >
            <legend
              class=""
              id="captions-font-family-vjs_video_797_component_1126"
            >
              Font Family
            </legend>
            <select
              aria-labelledby="captions-font-family-vjs_video_797_component_1126"
            >
              <option
                aria-labelledby="captions-font-family-vjs_video_797_component_1126 captions-font-family-vjs_video_797_component_1126-ProportionalSansSerif"
                id="captions-font-family-vjs_video_797_component_1126-ProportionalSansSerif"
                value="proportionalSansSerif"
              >
                Proportional Sans-Serif
              </option>
              <option
                aria-labelledby="captions-font-family-vjs_video_797_component_1126 captions-font-family-vjs_video_797_component_1126-MonospaceSansSerif"
                id="captions-font-family-vjs_video_797_component_1126-MonospaceSansSerif"
                value="monospaceSansSerif"
              >
                Monospace Sans-Serif
              </option>
              <option
                aria-labelledby="captions-font-family-vjs_video_797_component_1126 captions-font-family-vjs_video_797_component_1126-ProportionalSerif"
                id="captions-font-family-vjs_video_797_component_1126-ProportionalSerif"
                value="proportionalSerif"
              >
                Proportional Serif
              </option>
              <option
                aria-labelledby="captions-font-family-vjs_video_797_component_1126 captions-font-family-vjs_video_797_component_1126-MonospaceSerif"
                id="captions-font-family-vjs_video_797_component_1126-MonospaceSerif"
                value="monospaceSerif"
              >
                Monospace Serif
              </option>
              <option
                aria-labelledby="captions-font-family-vjs_video_797_component_1126 captions-font-family-vjs_video_797_component_1126-Casual"
                id="captions-font-family-vjs_video_797_component_1126-Casual"
                value="casual"
              >
                Casual
              </option>
              <option
                aria-labelledby="captions-font-family-vjs_video_797_component_1126 captions-font-family-vjs_video_797_component_1126-Script"
                id="captions-font-family-vjs_video_797_component_1126-Script"
                value="script"
              >
                Script
              </option>
              <option
                aria-labelledby="captions-font-family-vjs_video_797_component_1126 captions-font-family-vjs_video_797_component_1126-SmallCaps"
                id="captions-font-family-vjs_video_797_component_1126-SmallCaps"
                value="small-caps"
              >
                Small Caps
              </option>
            </select>
          </fieldset>
        </div>
        <div
          class="vjs-track-settings-controls"
        >
          <button
            class="vjs-default-button"
            title="restore all settings to the default values"
            type="button"
          >
            Reset
            <span
              class="vjs-control-text"
            >
               restore all settings to the default values
            </span>
          </button>
          <button
            class="vjs-done-button"
            type="button"
          >
            Done
          </button>
        </div>
      </div>
      <button
        aria-disabled="false"
        class="vjs-close-button vjs-control vjs-button"
        title="Close Modal Dialog"
        type="button"
      >
        <span
          aria-hidden="true"
          class="vjs-icon-placeholder"
        />
        <span
          aria-live="polite"
          class="vjs-control-text"
        >
          Close Modal Dialog
        </span>
      </button>
      <p
        class="vjs-control-text"
      >
        End of dialog window.
      </p>
    </div>
    <iframe
      aria-hidden="true"
      class="vjs-resize-manager"
      tabindex="-1"
    />
  </div>
   
  <div
    class="videoReplay"
    style="display: none;"
  >
    <div
      class="textBackgroundBasic dropShadow"
    >
      <p>
        There was an issue playing the video. Please wait a moment and try again.
      </p>
       
      <span
        class="buttonParent buttonBasic-Grey buttonBlinkBlue marginTop2"
      >
        <fieldset
          class="button"
        >
          <span
            class="bgImage"
          />
           
          <span
            class="slot"
          >
            <p>
              Retry
            </p>
          </span>
        </fieldset>
      </span>
    </div>
  </div>
</div>
`;
