// Jest Snapshot v1, https://goo.gl/fbAQLP

exports[`WidgetSvg matches html snapshot 1`] = `
<div
  class="widgetSVG"
  id="testWidget"
>
  <object
    type="image/svg+xml"
  />
</div>
`;
