// Jest Snapshot v1, https://goo.gl/fbAQLP

exports[`WidgetImage matches html snapshot 1`] = `
<img
  class=""
  id="testWidget"
/>
`;
